Microchip MPLAB XC8 Compiler V2.50

Linker command line:

-W-3 \
  --edf=C:\Program Files\Microchip\xc8\v2.50\pic\dat\20240725155939_en.msgs \
  -cn -h+dist/default/debug\SimuladorSensorRotacao.X.debug.sym \
  --cmf=dist/default/debug\SimuladorSensorRotacao.X.debug.cmf -z -Q18F4550 \
  -oC:\Users\paulo\AppData\Local\Temp\xcAs7c8.\driver_tmp_3.o \
  --defsym=__MPLAB_BUILD=1 --fixupoverflow=error \
  -Mdist/default/debug/SimuladorSensorRotacao.X.debug.map \
  --md=C:\Users\paulo\AppData\Local\Temp\xcAs7c8.\driver_tmp_0.dat -E1 \
  -ver=XC8 Compiler --acfsm=1493 -ACODE=00h-07FFFh -ACONST=00h-07FFFh \
  -ASMALLCONST=0800h-08FFhx120 -AMEDIUMCONST=0800h-07FFFh -ACOMRAM=01h-05Fh \
  -AABS1=00h-07FFh -ABIGRAM=01h-07FFh -ARAM=060h-0FFh,0100h-01FFhx7 \
  -ABANK0=060h-0FFh -ABANK1=0100h-01FFh -ABANK2=0200h-02FFh \
  -ABANK3=0300h-03FFh -ABANK4=0400h-04FFh -ABANK5=0500h-05FFh \
  -ABANK6=0600h-06FFh -ABANK7=0700h-07FFh -ASFR=0F60h-0FFFh \
  -ABIGSFR=0F60h-0FFFh -ACONFIG=0300000h-030000Dh -AIDLOC=0200000h-0200007h \
  -AEEDATA=0F00000h-0F000FFh -peeprom_data=EEDATA \
  -preset_vec=00h,intcode=8h,intcodelo,powerup,init -pramtop=0800h \
  -psmallconst=SMALLCONST -pmediumconst=MEDIUMCONST -pconst=CONST \
  -AFARRAM=00h-00h \
  -prdata=COMRAM,nvrram=COMRAM,nvbit=COMRAM,rbss=COMRAM,rbit=COMRAM \
  -pfarbss=FARRAM,fardata=FARRAM,nvFARRAM=FARRAM \
  -pintsave_regs=BIGRAM,bigbss=BIGRAM,bigdata=BIGRAM -pbss=RAM \
  -pidata=CODE,irdata=CODE,ibigdata=CODE,ifardata=CODE -prparam=COMRAM \
  C:\Users\paulo\AppData\Local\Temp\xcAs7c8.\driver_tmp_9.o \
  dist/default/debug\SimuladorSensorRotacao.X.debug.o 

Object code version is 3.11

Machine type is 18F4550



                Name                               Link     Load   Length Selector   Space Scale
C:\Users\paulo\AppData\Local\Temp\xcAs7c8.\driver_tmp_9.o
                init                                  E        E        4        4       0
                reset_vec                             0        0        4        0       0
dist/default/debug\SimuladorSensorRotacao.X.debug.o
                intcode                               8        8        6        4       0
                temp                                 5D       5D        1        1       1
                smallconst                          800      800        2      400       0
                intcode_body                        802      802      134      401       0
                text8                               CB6      CB6       74      401       0
                text7                               D9A      D9A       64      401       0
                text6                               A4E      A4E      118      401       0
                text5                               E90      E90       3E      748       0
                text4                               C32      C32       84      401       0
                text3                               ECE      ECE       38      748       0
                text2                               936      936      118      401       0
                text1                               B66      B66       CC      401       0
                text0                               D2A      D2A       70      401       0
                cstackCOMRAM                         42       42       18        1       1
                dataBANK0                            60       60       16       60       1
                dataCOMRAM                            1        1       41        1       1
                bssCOMRAM                            5A       5A        3        1       1
                cinit                               DFE      DFE       50      401       0
                idataBANK0                          F06      F06       16      748       0
                idataCOMRAM                         E4E      E4E       41      401       0

TOTAL           Name                               Link     Load   Length     Space
        CLASS   CODE           
                intcode                               8        8        6         0
                init                                  E        E        4         0
                reset_vec                             0        0        4         0
                intcode_body                        802      802      134         0
                text8                               CB6      CB6       74         0
                text7                               D9A      D9A       64         0
                text6                               A4E      A4E      118         0
                text5                               E90      E90       3E         0
                text4                               C32      C32       84         0
                text3                               ECE      ECE       38         0
                text2                               936      936      118         0
                text1                               B66      B66       CC         0
                text0                               D2A      D2A       70         0
                cinit                               DFE      DFE       50         0
                idataBANK0                          F06      F06       16         0
                idataCOMRAM                         E4E      E4E       41         0

        CLASS   CONST          

        CLASS   SMALLCONST     
                smallconst                          800      800        2         0

        CLASS   MEDIUMCONST    

        CLASS   COMRAM         
                temp                                 5D       5D        1         1
                cstackCOMRAM                         42       42       18         1
                dataCOMRAM                            1        1       41         1
                bssCOMRAM                            5A       5A        3         1

        CLASS   ABS1           

        CLASS   BIGRAM         

        CLASS   RAM            

        CLASS   BANK0          
                dataBANK0                            60       60       16         1

        CLASS   BANK1          

        CLASS   BANK2          

        CLASS   BANK3          

        CLASS   BANK4          

        CLASS   BANK5          

        CLASS   BANK6          

        CLASS   BANK7          

        CLASS   SFR            

        CLASS   BIGSFR         

        CLASS   CONFIG         

        CLASS   IDLOC          

        CLASS   EEDATA         

        CLASS   FARRAM         

        CLASS   HEAP           

        CLASS   STACK          



SEGMENTS        Name                           Load    Length   Top    Selector   Space  Class

                reset_vec                      000000  000004  000004         0       0  CODE    
                dataCOMRAM                     000001  00005D  00005E         1       1  COMRAM  
                intcode                        000008  00000A  000012         4       0  CODE    
                dataBANK0                      000060  000016  000076        60       1  BANK0   
                smallconst                     000800  000002  000802       400       0  SMALLCON
                intcode_body                   000802  00068D  000E8F       401       0  CODE    
                text5                          000E90  00008C  000F1C       748       0  CODE    


UNUSED ADDRESS RANGES

        Name                Unused          Largest block    Delta
        BANK0            076-0FF            8A
        BANK1            100-1FF           100
        BANK2            200-2FF           100
        BANK3            300-3FF           100
        BANK4            400-4FF           100
        BANK5            500-5FF           100
        BANK6            600-6FF           100
        BANK7            700-7FF           100
        BIGRAM           05E-05F             2
                         076-7FF           78A
        BIGSFR           F60-FFF            A0
        CODE             004-007             4
                         012-7FF           7EE
                         E8F-E8F             1
                         F1C-7FFF          70E4
        COMRAM           05E-05F             2
        CONFIG           300000-30000D             E
        CONST            004-007             4
                         012-7FF           7EE
                         E8F-E8F             1
                         F1C-7FFF          70E4
        EEDATA           F00000-F000FF           100
        IDLOC            200000-200007             8
        MEDIUMCONST      E8F-E8F             1
                         F1C-7FFF          70E4
        RAM              076-7FF           100
        SFR              F60-FFF            A0
        SMALLCONST       E8F-E8F             1
                         F1C-7FFF           100

                                  Symbol Table

?___lwdiv                 cstackCOMRAM 044
?___lwmod                 cstackCOMRAM 044
_ADCON0bits               (abs)        FC2
_ADCON1                   (abs)        FC1
_INTCONbits               (abs)        FF2
_ISR                      intcode      008
_LATBbits                 (abs)        F8A
_LATDbits                 (abs)        F8C
_PIE1bits                 (abs)        F9D
_PIR1bits                 (abs)        F9E
_PORTB                    (abs)        F81
_PORTBbits                (abs)        F81
_PORTEbits                (abs)        F84
_T0CONbits                (abs)        FD5
_T1CONbits                (abs)        FCD
_TMR0H                    (abs)        FD7
_TMR0L                    (abs)        FD6
_TMR1H                    (abs)        FCF
_TMR1L                    (abs)        FCE
_TRISA                    (abs)        F92
_TRISB                    (abs)        F93
_TRISC                    (abs)        F94
_TRISD                    (abs)        F95
_TRISE                    (abs)        F96
__HRAM                    (abs)        000
__H__absolute__           __absolute__ 000
__Habs1                   abs1         000
__Hbank0                  bank0        000
__Hbank1                  bank1        000
__Hbank2                  bank2        000
__Hbank3                  bank3        000
__Hbank4                  bank4        000
__Hbank5                  bank5        000
__Hbank6                  bank6        000
__Hbank7                  bank7        000
__Hbigbss                 bigbss       000
__Hbigdata                bigdata      000
__Hbigram                 bigram       000
__Hbigsfr                 bigsfr       000
__Hbss                    bss          000
__HbssCOMRAM              bssCOMRAM    000
__Hcinit                  cinit        000
__Hclrtext                clrtext      000
__Hcomram                 comram       000
__Hconfig                 config       000
__Hconst                  const        000
__HcstackCOMRAM           cstackCOMRAM 000
__Hdata                   data         000
__HdataBANK0              dataBANK0    000
__HdataCOMRAM             dataCOMRAM   000
__Heeprom_data            eeprom_data  000
__Hfarbss                 farbss       000
__Hfardata                fardata      000
__Hheap                   heap         000
__Hibigdata               ibigdata     000
__Hidata                  idata        000
__HidataBANK0             idataBANK0   000
__HidataCOMRAM            idataCOMRAM  000
__Hidloc                  idloc        000
__Hifardata               ifardata     000
__Hinit                   init         012
__Hintcode                intcode      00E
__Hintcode_body           intcode_body 000
__Hintcodelo              intcodelo    00E
__Hintentry               intentry     000
__Hintret                 intret       000
__Hintsave_regs           intsave_regs 000
__Hirdata                 irdata       000
__Hmediumconst            mediumconst  000
__HnvFARRAM               nvFARRAM     000
__Hnvbit                  nvbit        000
__Hnvrram                 nvrram       000
__Hparam                  rparam       000
__Hpowerup                powerup      00E
__Hram                    ram          000
__Hramtop                 ramtop       800
__Hrbit                   rbit         000
__Hrbss                   rbss         000
__Hrdata                  rdata        000
__Hreset_vec              reset_vec    004
__Hrparam                 rparam       000
__Hsfr                    sfr          000
__Hsivt_hi                sivt_hi      000
__Hsivt_lo                sivt_lo      000
__Hsmallconst             smallconst   802
__Hspace_0                (abs)        F1C
__Hspace_1                (abs)        076
__Hspace_2                (abs)        000
__Hspace_4                (abs)        000
__Hstack                  stack        000
__Hstruct                 struct       000
__Htemp                   temp         05E
__Htext                   text         000
__Htext0                  text0        000
__Htext1                  text1        000
__Htext2                  text2        000
__Htext3                  text3        000
__Htext4                  text4        000
__Htext5                  text5        000
__Htext6                  text6        000
__Htext7                  text7        000
__Htext8                  text8        000
__LRAM                    (abs)        001
__L__absolute__           __absolute__ 000
__Labs1                   abs1         000
__Lbank0                  bank0        000
__Lbank1                  bank1        000
__Lbank2                  bank2        000
__Lbank3                  bank3        000
__Lbank4                  bank4        000
__Lbank5                  bank5        000
__Lbank6                  bank6        000
__Lbank7                  bank7        000
__Lbigbss                 bigbss       000
__Lbigdata                bigdata      000
__Lbigram                 bigram       000
__Lbigsfr                 bigsfr       000
__Lbss                    bss          000
__LbssCOMRAM              bssCOMRAM    000
__Lcinit                  cinit        000
__Lclrtext                clrtext      000
__Lcomram                 comram       000
__Lconfig                 config       000
__Lconst                  const        000
__LcstackCOMRAM           cstackCOMRAM 000
__Ldata                   data         000
__LdataBANK0              dataBANK0    000
__LdataCOMRAM             dataCOMRAM   000
__Leeprom_data            eeprom_data  000
__Lfarbss                 farbss       000
__Lfardata                fardata      000
__Lheap                   heap         000
__Libigdata               ibigdata     000
__Lidata                  idata        000
__LidataBANK0             idataBANK0   000
__LidataCOMRAM            idataCOMRAM  000
__Lidloc                  idloc        000
__Lifardata               ifardata     000
__Linit                   init         00E
__Lintcode                intcode      008
__Lintcode_body           intcode_body 000
__Lintcodelo              intcodelo    00E
__Lintentry               intentry     000
__Lintret                 intret       000
__Lintsave_regs           intsave_regs 000
__Lirdata                 irdata       000
__Lmediumconst            mediumconst  000
__LnvFARRAM               nvFARRAM     000
__Lnvbit                  nvbit        000
__Lnvrram                 nvrram       000
__Lparam                  rparam       000
__Lpowerup                powerup      00E
__Lram                    ram          000
__Lramtop                 ramtop       800
__Lrbit                   rbit         000
__Lrbss                   rbss         000
__Lrdata                  rdata        000
__Lreset_vec              reset_vec    000
__Lrparam                 rparam       000
__Lsfr                    sfr          000
__Lsivt_hi                sivt_hi      000
__Lsivt_lo                sivt_lo      000
__Lsmallconst             smallconst   800
__Lspace_0                (abs)        000
__Lspace_1                (abs)        000
__Lspace_2                (abs)        000
__Lspace_4                (abs)        000
__Lstack                  stack        000
__Lstruct                 struct       000
__Ltemp                   temp         05D
__Ltext                   text         000
__Ltext0                  text0        000
__Ltext1                  text1        000
__Ltext2                  text2        000
__Ltext3                  text3        000
__Ltext4                  text4        000
__Ltext5                  text5        000
__Ltext6                  text6        000
__Ltext7                  text7        000
__Ltext8                  text8        000
__S0                      (abs)        F1C
__S1                      (abs)        076
__S4                      (abs)        000
__S5                      (abs)        000
___heap_hi                (abs)        000
___heap_lo                (abs)        000
___inthi_sp               stack        000
___inthi_stack_hi         stack        000
___inthi_stack_lo         stack        000
___intlo_sp               stack        000
___intlo_stack_hi         stack        000
___intlo_stack_lo         stack        000
___lwdiv                  text8        CB6
___lwdiv@counter          cstackCOMRAM 04A
___lwdiv@dividend         cstackCOMRAM 044
___lwdiv@divisor          cstackCOMRAM 046
___lwdiv@quotient         cstackCOMRAM 048
___lwmod                  text7        D9A
___lwmod@counter          cstackCOMRAM 048
___lwmod@dividend         cstackCOMRAM 044
___lwmod@divisor          cstackCOMRAM 046
___param_bank             (abs)        000
___rparam_used            (abs)        001
___sp                     stack        000
___stack_hi               stack        000
___stack_lo               stack        000
__accesstop               (abs)        060
__activetblptr            (abs)        000
__end_of_ISR              intcode_body 936
__end_of___lwdiv          text8        D2A
__end_of___lwmod          text7        DFE
__end_of__initialization  cinit        E44
__end_of_comando          text2        A4E
__end_of_escreve_frase    text5        ECE
__end_of_escreve_inteiro  text4        CB6
__end_of_escrita          text6        B66
__end_of_init_hw          text3        F06
__end_of_init_lcd         text1        C32
__end_of_main             text0        D9A
__initialization          cinit        DFE
__mediumconst             mediumconst  000
__pbssCOMRAM              bssCOMRAM    05A
__pcinit                  cinit        DFE
__pcstackCOMRAM           cstackCOMRAM 042
__pdataBANK0              dataBANK0    060
__pdataCOMRAM             dataCOMRAM   001
__pidataBANK0             idataBANK0   F06
__pidataCOMRAM            idataCOMRAM  E4E
__pintcode                intcode      008
__pintcode_body           intcode_body 802
__psmallconst             smallconst   800
__ptext0                  text0        D2A
__ptext1                  text1        B66
__ptext2                  text2        936
__ptext3                  text3        ECE
__ptext4                  text4        C32
__ptext5                  text5        E90
__ptext6                  text6        A4E
__ptext7                  text7        D9A
__ptext8                  text8        CB6
__ramtop                  ramtop       800
__smallconst              smallconst   800
_comando                  text2        936
_counter                  bssCOMRAM    05A
_dente                    bssCOMRAM    05C
_escreve_frase            text5        E90
_escreve_inteiro          text4        C32
_escrita                  text6        A4E
_frase                    dataCOMRAM   032
_i                        bssCOMRAM    05B
_init_hw                  text3        ECE
_init_lcd                 text1        B66
_main                     text0        D2A
_vetorH                   dataCOMRAM   022
_vetorH2                  dataCOMRAM   00C
_vetorL                   dataCOMRAM   017
_vetorL2                  dataCOMRAM   001
_vetor_rotacao            dataBANK0    060
btemp                     temp         05D
comando@dado              cstackCOMRAM 046
end_of_initialization     cinit        E44
escreve_frase@data        cstackCOMRAM 047
escreve_frase@i           cstackCOMRAM 04B
escreve_frase@length      cstackCOMRAM 048
escreve_inteiro@F3235     dataCOMRAM   02D
escreve_inteiro@j         cstackCOMRAM 057
escreve_inteiro@vetor_aux cstackCOMRAM 050
escreve_inteiro@x         cstackCOMRAM 04D
escreve_inteiro@x_aux     cstackCOMRAM 055
escrita@dado              cstackCOMRAM 046
int$flags                 temp         05D
int_func                  intcode_body 802
intlevel0                 text         000
intlevel1                 text         000
intlevel2                 text         000
intlevel3                 text         000
isa$std                   (abs)        001
isa$xinst                 (abs)        000
stackhi                   (abs)        000
stacklo                   (abs)        000
start                     init         00E
start_initialization      cinit        DFE
ttemp5                    temp         05E
ttemp6                    temp         061
ttemp7                    temp         065
wtemp8                    temp         05E


MODULE INFORMATION

Module		Function		Class		Link	Load	Size
C:\Program Files\Microchip\xc8\v2.50\pic\sources\c99\common\lwmod.c
		___lwmod       		CODE           	0D9A	0000	100

C:\Program Files\Microchip\xc8\v2.50\pic\sources\c99\common\lwmod.c estimated size: 100

shared
		__initialization		CODE           	0DFE	0000	70

shared estimated size: 70

C:\Program Files\Microchip\xc8\v2.50\pic\sources\c99\common\lwdiv.c
		___lwdiv       		CODE           	0CB6	0000	116

C:\Program Files\Microchip\xc8\v2.50\pic\sources\c99\common\lwdiv.c estimated size: 116

main.c
		_init_hw       		CODE           	0ECE	0000	56
		_ISR           		CODE           	0008	0000	314
		_main          		CODE           	0D2A	0000	112

main.c estimated size: 482

LCD.c
		_comando       		CODE           	0936	0000	280
		_escreve_frase 		CODE           	0E90	0000	62
		_escrita       		CODE           	0A4E	0000	280
		_init_lcd      		CODE           	0B66	0000	204
		_escreve_inteiro		CODE           	0C32	0000	132

LCD.c estimated size: 958

